// Jest Snapshot v1, https://goo.gl/fbAQLP

exports[`MovieCard component loads correctly 1`] = `
<article
  className="small-movie-card catalog__movies-card"
>
  <button
    className="small-movie-card__play-btn"
    onClick={[Function]}
    type="button"
  >
    Play
  </button>
  <div
    className="small-movie-card__image"
  >
    <img
      alt="Bohemian Rhapsody"
      height="175"
      src="img/bohemian-rhapsody.jpg"
      width="280"
    />
  </div>
  <h3
    className="small-movie-card__title"
  >
    <a
      className="small-movie-card__link"
      href="#"
    >
      Bohemian Rhapsody
    </a>
  </h3>
</article>
`;
