// Jest Snapshot v1, https://goo.gl/fbAQLP

exports[`MoviesList component loads correctly 1`] = `
<div
  className="page-content catalog__movies-list"
>
  <article
    className="small-movie-card catalog__movies-card"
    onMouseEnter={[Function]}
    onMouseLeave={[Function]}
  >
    <div
      className="small-movie-card__image"
    >
      <img
        alt="Bohemian Rhapsody"
        height={175}
        src="bohemian-rhapsody.jpg"
        width={280}
      />
    </div>
    <h3
      className="small-movie-card__title"
    >
      <a
        className="small-movie-card__link"
        href="#"
      >
        Bohemian Rhapsody
      </a>
    </h3>
  </article>
  <article
    className="small-movie-card catalog__movies-card"
    onMouseEnter={[Function]}
    onMouseLeave={[Function]}
  >
    <div
      className="small-movie-card__image"
    >
      <img
        alt="Aviator"
        height={175}
        src="aviator.jpg"
        width={280}
      />
    </div>
    <h3
      className="small-movie-card__title"
    >
      <a
        className="small-movie-card__link"
        href="#"
      >
        Aviator
      </a>
    </h3>
  </article>
  <article
    className="small-movie-card catalog__movies-card"
    onMouseEnter={[Function]}
    onMouseLeave={[Function]}
  >
    <div
      className="small-movie-card__image"
    >
      <img
        alt="What We Do in the Shadows"
        height={175}
        src="what-we-do-in-the-shadows.jpg"
        width={280}
      />
    </div>
    <h3
      className="small-movie-card__title"
    >
      <a
        className="small-movie-card__link"
        href="#"
      >
        What We Do in the Shadows
      </a>
    </h3>
  </article>
  <article
    className="small-movie-card catalog__movies-card"
    onMouseEnter={[Function]}
    onMouseLeave={[Function]}
  >
    <div
      className="small-movie-card__image"
    >
      <img
        alt="Snatch"
        height={175}
        src="snatch.jpg"
        width={280}
      />
    </div>
    <h3
      className="small-movie-card__title"
    >
      <a
        className="small-movie-card__link"
        href="#"
      >
        Snatch
      </a>
    </h3>
  </article>
  <article
    className="small-movie-card catalog__movies-card"
    onMouseEnter={[Function]}
    onMouseLeave={[Function]}
  >
    <div
      className="small-movie-card__image"
    >
      <img
        alt="Revenant"
        height={175}
        src="revenant.jpg"
        width={280}
      />
    </div>
    <h3
      className="small-movie-card__title"
    >
      <a
        className="small-movie-card__link"
        href="#"
      >
        Revenant
      </a>
    </h3>
  </article>
</div>
`;
