// Jest Snapshot v1, https://goo.gl/fbAQLP

exports[`Main component shows default page 1`] = `
<div
  className="page-content"
>
  <section
    className="catalog"
  >
    <ul
      className="catalog__genres-list"
    >
      <li
        className="catalog__genres-item catalog__genres-item--active"
      >
        <a
          className="catalog__genres-link"
          href="#"
          onClick={[Function]}
        >
          All genres
        </a>
      </li>
      <li
        className="catalog__genres-item "
      >
        <a
          className="catalog__genres-link"
          href="#"
          onClick={[Function]}
        >
          Crime
        </a>
      </li>
      <li
        className="catalog__genres-item "
      >
        <a
          className="catalog__genres-link"
          href="#"
          onClick={[Function]}
        >
          Dramas
        </a>
      </li>
      <li
        className="catalog__genres-item "
      >
        <a
          className="catalog__genres-link"
          href="#"
          onClick={[Function]}
        >
          Horror
        </a>
      </li>
      <li
        className="catalog__genres-item "
      >
        <a
          className="catalog__genres-link"
          href="#"
          onClick={[Function]}
        >
          Romance
        </a>
      </li>
    </ul>
    <div
      className="catalog__movies-list"
    >
      <article
        className="small-movie-card catalog__movies-card"
        onMouseEnter={[Function]}
        onMouseLeave={[Function]}
      >
        <div
          className="small-movie-card__image"
        >
          <img
            alt="Bohemian Rhapsody"
            height={175}
            src="bohemian-rhapsody.jpg"
            width={280}
          />
        </div>
        <h3
          className="small-movie-card__title"
        >
          <a
            className="small-movie-card__link"
            href="/film/1"
            onClick={[Function]}
          >
            Bohemian Rhapsody
          </a>
        </h3>
      </article>
      <article
        className="small-movie-card catalog__movies-card"
        onMouseEnter={[Function]}
        onMouseLeave={[Function]}
      >
        <div
          className="small-movie-card__image"
        >
          <img
            alt="Aviator"
            height={175}
            src="aviator.jpg"
            width={280}
          />
        </div>
        <h3
          className="small-movie-card__title"
        >
          <a
            className="small-movie-card__link"
            href="/film/2"
            onClick={[Function]}
          >
            Aviator
          </a>
        </h3>
      </article>
      <article
        className="small-movie-card catalog__movies-card"
        onMouseEnter={[Function]}
        onMouseLeave={[Function]}
      >
        <div
          className="small-movie-card__image"
        >
          <img
            alt="What We Do in the Shadows"
            height={175}
            src="what-we-do-in-the-shadows.jpg"
            width={280}
          />
        </div>
        <h3
          className="small-movie-card__title"
        >
          <a
            className="small-movie-card__link"
            href="/film/3"
            onClick={[Function]}
          >
            What We Do in the Shadows
          </a>
        </h3>
      </article>
      <article
        className="small-movie-card catalog__movies-card"
        onMouseEnter={[Function]}
        onMouseLeave={[Function]}
      >
        <div
          className="small-movie-card__image"
        >
          <img
            alt="Snatch"
            height={175}
            src="snatch.jpg"
            width={280}
          />
        </div>
        <h3
          className="small-movie-card__title"
        >
          <a
            className="small-movie-card__link"
            href="/film/4"
            onClick={[Function]}
          >
            Snatch
          </a>
        </h3>
      </article>
      <article
        className="small-movie-card catalog__movies-card"
        onMouseEnter={[Function]}
        onMouseLeave={[Function]}
      >
        <div
          className="small-movie-card__image"
        >
          <img
            alt="Revenant"
            height={175}
            src="revenant.jpg"
            width={280}
          />
        </div>
        <h3
          className="small-movie-card__title"
        >
          <a
            className="small-movie-card__link"
            href="/film/5"
            onClick={[Function]}
          >
            Revenant
          </a>
        </h3>
      </article>
    </div>
  </section>
</div>
`;
