// Jest Snapshot v1, https://goo.gl/fbAQLP

exports[`SignIn component loads correctly 1`] = `null`;
